{
    "id": 76046617,
    "name": "Devana Zievonya",
    "level": 9,
    "health": 66,
    "armorClass": 15,
    "movementSpeeds": {
        "walk": 30
    },
    "abilityScores": {
        "STR": {
            "score": 8,
            "modifier": -1,
            "savingThrowProficient": false
        },
        "DEX": {
            "score": 14,
            "modifier": 2,
            "savingThrowProficient": false
        },
        "CON": {
            "score": 14,
            "modifier": 2,
            "savingThrowProficient": false
        },
        "INT": {
            "score": 10,
            "modifier": 0,
            "savingThrowProficient": false
        },
        "WIS": {
            "score": 14,
            "modifier": 2,
            "savingThrowProficient": true
        },
        "CHA": {
            "score": 20,
            "modifier": 5,
            "savingThrowProficient": true
        }
    },
    "proficiencies": {
        "abilities": [
            {
                "name": "Arcana",
                "proficiencyLevel": "proficient"
            },
            {
                "name": "Deception",
                "proficiencyLevel": "proficient"
            },
            {
                "name": "Insight",
                "proficiencyLevel": "proficient"
            },
            {
                "name": "Medicine",
                "proficiencyLevel": "proficient"
            },
            {
                "name": "Sleight of Hand",
                "proficiencyLevel": "proficient"
            }
        ],
        "armor": [
            {
                "name": "Light Armor",
                "proficiencyLevel": "proficient"
            },
            {
                "name": "Medium Armor",
                "proficiencyLevel": "proficient"
            },
            {
                "name": "Shields",
                "proficiencyLevel": "proficient"
            }
        ],
        "languages": [
            {
                "name": "Abyssal",
                "proficiencyLevel": "proficient"
            },
            {
                "name": "Common",
                "proficiencyLevel": "proficient"
            },
            {
                "name": "Infernal",
                "proficiencyLevel": "proficient"
            }
        ],
        "tools": [
            {
                "name": "Playing Card Set",
                "proficiencyLevel": "proficient"
            }
        ],
        "weapons": [
            {
                "name": "Martial Weapons",
                "proficiencyLevel": "proficient"
            },
            {
                "name": "Simple Weapons",
                "proficiencyLevel": "proficient"
            }
        ]
    },
    "wallet": {
        "cp": 0,
        "sp": 0,
        "gp": 520,
        "ep": 0,
        "pp": 0
    }
}
