{
    "id": 61111699,
    "name": "Will Ager",
    "level": 1,
    "health": 11,
    "armorClass": 15,
    "movementSpeeds": {
        "walk": 30
    },
    "abilityScores": {
        "STR": {
            "score": 13,
            "modifier": 1,
            "savingThrowProficient": true
        },
        "DEX": {
            "score": 13,
            "modifier": 1,
            "savingThrowProficient": false
        },
        "CON": {
            "score": 13,
            "modifier": 1,
            "savingThrowProficient": true
        },
        "INT": {
            "score": 13,
            "modifier": 1,
            "savingThrowProficient": false
        },
        "WIS": {
            "score": 13,
            "modifier": 1,
            "savingThrowProficient": false
        },
        "CHA": {
            "score": 13,
            "modifier": 1,
            "savingThrowProficient": false
        }
    },
    "wallet": {
        "cp": 100,
        "sp": 30,
        "gp": 25,
        "ep": 0,
        "pp": 0
    }
}
