{
    "id": 68405912,
    "name": "Cova",
    "level": 8,
    "health": 67,
    "armorClass": 16,
    "movementSpeeds": {
        "walk": 55,
        "fly": 55
    },
    "abilityScores": {
        "STR": {
            "score": 12,
            "modifier": 1,
            "savingThrowProficient": true
        },
        "DEX": {
            "score": 18,
            "modifier": 4,
            "savingThrowProficient": true
        },
        "CON": {
            "score": 16,
            "modifier": 3,
            "savingThrowProficient": false
        },
        "INT": {
            "score": 8,
            "modifier": -1,
            "savingThrowProficient": false
        },
        "WIS": {
            "score": 15,
            "modifier": 2,
            "savingThrowProficient": false
        },
        "CHA": {
            "score": 11,
            "modifier": 0,
            "savingThrowProficient": false
        }
    },
    "proficiencies": {
        "abilities": [
            {
                "name": "Acrobatics",
                "expertise": false
            },
            {
                "name": "Athletics",
                "expertise": false
            },
            {
                "name": "Deception",
                "expertise": false
            },
            {
                "name": "Insight",
                "expertise": false
            },
            {
                "name": "Medicine",
                "expertise": false
            },
            {
                "name": "Perception",
                "expertise": false
            },
            {
                "name": "Persuasion",
                "expertise": true
            },
            {
                "name": "Religion",
                "expertise": false
            },
            {
                "name": "Stealth",
                "expertise": false
            }
        ],
        "armor": [],
        "languages": [
            {
                "name": "Common",
                "expertise": false
            },
            {
                "name": "Draconic",
                "expertise": false
            },
            {
                "name": "Sylvan",
                "expertise": false
            }
        ],
        "tools": [
            {
                "name": "Herbalism Kit",
                "expertise": false
            },
            {
                "name": "Pan Flute",
                "expertise": false
            },
            {
                "name": "Woodcarver's Tools",
                "expertise": false
            }
        ],
        "weapons": [
            {
                "name": "Shortsword",
                "expertise": false
            },
            {
                "name": "Simple Weapons",
                "expertise": false
            }
        ]
    },
    "wallet": {
        "cp": 0,
        "sp": 5,
        "gp": 18856,
        "ep": 0,
        "pp": 0
    }
}
