{
    "id": 40953316,
    "name": "Groht Hamar",
    "level": 11,
    "health": 115,
    "armorClass": 14,
    "movementSpeeds": {
        "walk": 35
    },
    "abilityScores": {
        "STR": {
            "score": 18,
            "modifier": 4,
            "savingThrowProficient": true
        },
        "DEX": {
            "score": 13,
            "modifier": 1,
            "savingThrowProficient": false
        },
        "CON": {
            "score": 16,
            "modifier": 3,
            "savingThrowProficient": true
        },
        "INT": {
            "score": 10,
            "modifier": 0,
            "savingThrowProficient": false
        },
        "WIS": {
            "score": 12,
            "modifier": 1,
            "savingThrowProficient": false
        },
        "CHA": {
            "score": 8,
            "modifier": -1,
            "savingThrowProficient": false
        }
    },
    "proficiencies": {
        "abilities": [
            {
                "name": "Athletics",
                "expertise": false
            },
            {
                "name": "Intimidation",
                "expertise": false
            },
            {
                "name": "Persuasion",
                "expertise": false
            },
            {
                "name": "Survival",
                "expertise": false
            }
        ],
        "armor": [
            {
                "name": "Light Armor",
                "expertise": false
            },
            {
                "name": "Medium Armor",
                "expertise": false
            },
            {
                "name": "Shields",
                "expertise": false
            }
        ],
        "languages": [
            {
                "name": "Common",
                "expertise": false
            },
            {
                "name": "Dwarvish",
                "expertise": false
            },
            {
                "name": "Yeti",
                "expertise": false
            }
        ],
        "tools": [
            {
                "name": "Brewer's Supplies",
                "expertise": false
            },
            {
                "name": "Dice Set",
                "expertise": false
            },
            {
                "name": "Vehicles (Land)",
                "expertise": false
            }
        ],
        "weapons": [
            {
                "name": "Martial Weapons",
                "expertise": false
            },
            {
                "name": "Simple Weapons",
                "expertise": false
            }
        ]
    },
    "wallet": {
        "cp": 0,
        "sp": 0,
        "gp": 529,
        "ep": 0,
        "pp": 0
    }
}
