{
    "id": 82291589,
    "name": "Luke \"Wu\" Eetes",
    "level": 1,
    "health": 9,
    "armorClass": 14,
    "movementSpeeds": {
        "walk": 30
    },
    "abilityScores": {
        "STR": {
            "score": 10,
            "modifier": 0,
            "savingThrowProficient": true
        },
        "DEX": {
            "score": 16,
            "modifier": 3,
            "savingThrowProficient": true
        },
        "CON": {
            "score": 12,
            "modifier": 1,
            "savingThrowProficient": false
        },
        "INT": {
            "score": 8,
            "modifier": -1,
            "savingThrowProficient": false
        },
        "WIS": {
            "score": 13,
            "modifier": 1,
            "savingThrowProficient": false
        },
        "CHA": {
            "score": 15,
            "modifier": 2,
            "savingThrowProficient": false
        }
    },
    "proficiencies": {
        "abilities": [
            {
                "name": "Acrobatics",
                "proficiencyLevel": "proficient"
            },
            {
                "name": "Athletics",
                "proficiencyLevel": "proficient"
            },
            {
                "name": "Deception",
                "proficiencyLevel": "proficient"
            },
            {
                "name": "Persuasion",
                "proficiencyLevel": "proficient"
            },
            {
                "name": "Stealth",
                "proficiencyLevel": "proficient"
            }
        ],
        "armor": [],
        "languages": [
            {
                "name": "Common",
                "proficiencyLevel": "proficient"
            },
            {
                "name": "Gnomish",
                "proficiencyLevel": "proficient"
            }
        ],
        "tools": [
            {
                "name": "Drum",
                "proficiencyLevel": "proficient"
            },
            {
                "name": "Thieves' Tools",
                "proficiencyLevel": "proficient"
            }
        ],
        "weapons": [
            {
                "name": "Shortsword",
                "proficiencyLevel": "proficient"
            },
            {
                "name": "Simple Weapons",
                "proficiencyLevel": "proficient"
            }
        ]
    },
    "wallet": {
        "cp": 0,
        "sp": 0,
        "gp": 0,
        "ep": 0,
        "pp": 0
    }
}
