{
    "id": 78967691,
    "name": "Ann Pes√©",
    "level": 1,
    "health": 15,
    "armorClass": 16,
    "movementSpeeds": {
        "walk": 30
    },
    "abilityScores": {
        "STR": {
            "score": 16,
            "modifier": 3,
            "savingThrowProficient": true
        },
        "DEX": {
            "score": 12,
            "modifier": 1,
            "savingThrowProficient": false
        },
        "CON": {
            "score": 16,
            "modifier": 3,
            "savingThrowProficient": true
        },
        "INT": {
            "score": 10,
            "modifier": 0,
            "savingThrowProficient": false
        },
        "WIS": {
            "score": 10,
            "modifier": 0,
            "savingThrowProficient": false
        },
        "CHA": {
            "score": 13,
            "modifier": 1,
            "savingThrowProficient": false
        }
    },
    "proficiencies": {
        "abilities": [
            {
                "name": "History",
                "expertise": false
            },
            {
                "name": "Perception",
                "expertise": false
            },
            {
                "name": "Persuasion",
                "expertise": false
            },
            {
                "name": "Stealth",
                "expertise": false
            },
            {
                "name": "Survival",
                "expertise": false
            }
        ],
        "armor": [
            {
                "name": "Light Armor",
                "expertise": false
            },
            {
                "name": "Medium Armor",
                "expertise": false
            },
            {
                "name": "Shields",
                "expertise": false
            }
        ],
        "languages": [
            {
                "name": "Common",
                "expertise": false
            },
            {
                "name": "Elvish",
                "expertise": false
            },
            {
                "name": "Gnomish",
                "expertise": false
            }
        ],
        "tools": [
            {
                "name": "Dice Set",
                "expertise": false
            }
        ],
        "weapons": [
            {
                "name": "Martial Weapons",
                "expertise": false
            },
            {
                "name": "Simple Weapons",
                "expertise": false
            }
        ]
    },
    "wallet": {
        "cp": 0,
        "sp": 0,
        "gp": 75,
        "ep": 0,
        "pp": 0
    }
}
