{
    "id": 86052779,
    "name": "Rex",
    "level": 9,
    "health": 95,
    "armorClass": 15,
    "movementSpeeds": {
        "walk": 45
    },
    "abilityScores": {
        "STR": {
            "score": 17,
            "modifier": 3,
            "savingThrowProficient": true
        },
        "DEX": {
            "score": 14,
            "modifier": 2,
            "savingThrowProficient": false
        },
        "CON": {
            "score": 16,
            "modifier": 3,
            "savingThrowProficient": true
        },
        "INT": {
            "score": 10,
            "modifier": 0,
            "savingThrowProficient": false
        },
        "WIS": {
            "score": 12,
            "modifier": 1,
            "savingThrowProficient": false
        },
        "CHA": {
            "score": 8,
            "modifier": -1,
            "savingThrowProficient": false
        }
    },
    "proficiencies": {
        "abilities": [
            {
                "name": "Acrobatics",
                "expertise": false
            },
            {
                "name": "Athletics",
                "expertise": false
            },
            {
                "name": "Intimidation",
                "expertise": false
            },
            {
                "name": "Perception",
                "expertise": false
            },
            {
                "name": "Performance",
                "expertise": false
            },
            {
                "name": "Stealth",
                "expertise": false
            },
            {
                "name": "Survival",
                "expertise": false
            }
        ],
        "armor": [
            {
                "name": "Light Armor",
                "expertise": false
            },
            {
                "name": "Medium Armor",
                "expertise": false
            },
            {
                "name": "Shields",
                "expertise": false
            }
        ],
        "languages": [
            {
                "name": "Common",
                "expertise": false
            },
            {
                "name": "Leonin",
                "expertise": false
            }
        ],
        "tools": [
            {
                "name": "Disguise Kit",
                "expertise": false
            },
            {
                "name": "Horn",
                "expertise": false
            }
        ],
        "weapons": [
            {
                "name": "Martial Weapons",
                "expertise": false
            },
            {
                "name": "Simple Weapons",
                "expertise": false
            }
        ]
    },
    "wallet": {
        "cp": 0,
        "sp": 0,
        "gp": 365,
        "ep": 0,
        "pp": 0
    }
}
