{
    "id": 78966354,
    "name": "Shuwan Tellalot",
    "level": 3,
    "health": 22,
    "armorClass": 13,
    "movementSpeeds": {
        "walk": 30
    },
    "abilityScores": {
        "STR": {
            "score": 12,
            "modifier": 1,
            "savingThrowProficient": false
        },
        "DEX": {
            "score": 14,
            "modifier": 2,
            "savingThrowProficient": true
        },
        "CON": {
            "score": 12,
            "modifier": 1,
            "savingThrowProficient": false
        },
        "INT": {
            "score": 13,
            "modifier": 1,
            "savingThrowProficient": false
        },
        "WIS": {
            "score": 8,
            "modifier": -1,
            "savingThrowProficient": false
        },
        "CHA": {
            "score": 15,
            "modifier": 2,
            "savingThrowProficient": true
        }
    },
    "proficiencies": {
        "abilities": [
            {
                "name": "Perception",
                "proficiencyLevel": "proficient"
            },
            {
                "name": "Performance",
                "proficiencyLevel": "proficient"
            },
            {
                "name": "Persuasion",
                "proficiencyLevel": "proficient"
            },
            {
                "name": "Stealth",
                "proficiencyLevel": "proficient"
            }
        ],
        "armor": [
            {
                "name": "Light Armor",
                "proficiencyLevel": "proficient"
            },
            {
                "name": "Medium Armor",
                "proficiencyLevel": "proficient"
            },
            {
                "name": "Shields",
                "proficiencyLevel": "proficient"
            }
        ],
        "languages": [
            {
                "name": "Common",
                "proficiencyLevel": "proficient"
            },
            {
                "name": "Undercommon",
                "proficiencyLevel": "proficient"
            }
        ],
        "tools": [
            {
                "name": "Bagpipes",
                "proficiencyLevel": "proficient"
            },
            {
                "name": "Flute",
                "proficiencyLevel": "proficient"
            },
            {
                "name": "Horn",
                "proficiencyLevel": "proficient"
            }
        ],
        "weapons": [
            {
                "name": "Martial Weapons",
                "proficiencyLevel": "proficient"
            },
            {
                "name": "Simple Weapons",
                "proficiencyLevel": "proficient"
            }
        ]
    },
    "wallet": {
        "cp": 5,
        "sp": 20,
        "gp": 100,
        "ep": 0,
        "pp": 1
    }
}
