{
    "id": 62199671,
    "name": "Joyas Dustbridge",
    "level": 9,
    "health": 85,
    "armorClass": 18,
    "movementSpeeds": {
        "walk": 30
    },
    "abilityScores": {
        "STR": {
            "score": 10,
            "modifier": 0,
            "savingThrowProficient": true
        },
        "DEX": {
            "score": 20,
            "modifier": 5,
            "savingThrowProficient": false
        },
        "CON": {
            "score": 16,
            "modifier": 3,
            "savingThrowProficient": true
        },
        "INT": {
            "score": 10,
            "modifier": 0,
            "savingThrowProficient": false
        },
        "WIS": {
            "score": 14,
            "modifier": 2,
            "savingThrowProficient": false
        },
        "CHA": {
            "score": 12,
            "modifier": 1,
            "savingThrowProficient": false
        }
    },
    "proficiencies": {
        "abilities": [
            {
                "name": "Acrobatics",
                "expertise": false
            },
            {
                "name": "Athletics",
                "expertise": false
            },
            {
                "name": "Deception",
                "expertise": false
            },
            {
                "name": "Insight",
                "expertise": false
            },
            {
                "name": "Perception",
                "expertise": false
            }
        ],
        "armor": [
            {
                "name": "Heavy Armor",
                "expertise": false
            },
            {
                "name": "Light Armor",
                "expertise": false
            },
            {
                "name": "Medium Armor",
                "expertise": false
            },
            {
                "name": "Shields",
                "expertise": false
            }
        ],
        "languages": [
            {
                "name": "Common",
                "expertise": false
            },
            {
                "name": "Deep Speech",
                "expertise": false
            },
            {
                "name": "Halfling",
                "expertise": false
            },
            {
                "name": "Telepathy (30 ft.)",
                "expertise": false
            }
        ],
        "tools": [
            {
                "name": "Brewer's Supplies",
                "expertise": false
            },
            {
                "name": "Playing Card Set",
                "expertise": false
            }
        ],
        "weapons": [
            {
                "name": "Martial Weapons",
                "expertise": false
            },
            {
                "name": "Simple Weapons",
                "expertise": false
            }
        ]
    },
    "wallet": {
        "cp": 5,
        "sp": 7,
        "gp": 237,
        "ep": 0,
        "pp": 0
    }
}
