{
    "id": 78966354,
    "name": "Shuwan Tellalot",
    "level": 3,
    "health": 22,
    "armorClass": 13,
    "movementSpeeds": {
        "walk": 30
    },
    "abilityScores": {
        "STR": {
            "score": 12,
            "modifier": 1,
            "savingThrowProficient": false
        },
        "DEX": {
            "score": 14,
            "modifier": 2,
            "savingThrowProficient": true
        },
        "CON": {
            "score": 12,
            "modifier": 1,
            "savingThrowProficient": false
        },
        "INT": {
            "score": 13,
            "modifier": 1,
            "savingThrowProficient": false
        },
        "WIS": {
            "score": 8,
            "modifier": -1,
            "savingThrowProficient": false
        },
        "CHA": {
            "score": 15,
            "modifier": 2,
            "savingThrowProficient": true
        }
    },
    "wallet": {
        "cp": 5,
        "sp": 20,
        "gp": 100,
        "ep": 0,
        "pp": 1
    }
}
